git status
On branch master
Changes not staged for commit:
  (use "git add/rm <file>..." to update what will be committed)
  (use "git checkout -- <file>..." to discard changes in working directory)

	[31mmodified:   .Rproj.user/CFFF035/console06/906B45FC[m
	[31mdeleted:    MAUI[m
	[31mdeleted:    data/n300_181003.csv[m

Untracked files:
  (use "git add <file>..." to include in what will be committed)

	[31m.Rproj.user/CFFF035/build_options[m

no changes added to commit (use "git add" and/or "git commit -a")
]0;~/Documents/GitHub/MAUIpeltier:MAUI garrettjaeger$ [Kpeltier:MAUI garrettjaeger$ git a[Kstatus
On branch master
Changes not staged for commit:
  (use "git add/rm <file>..." to update what will be committed)
  (use "git checkout -- <file>..." to discard changes in working directory)

	[31mmodified:   .Rproj.user/CFFF035/console06/906B45FC[m
	[31mdeleted:    MAUI[m
	[31mdeleted:    data/n300_181003.csv[m

Untracked files:
  (use "git add <file>..." to include in what will be committed)

	[31m.Rproj.user/CFFF035/build_options[m

no changes added to commit (use "git add" and/or "git commit -a")
]0;~/Documents/GitHub/MAUIpeltier:MAUI garrettjaeger$ 
Display all 2175 possibilities? (y or n)
peltier:MAUI garrettjaeger$ 
]0;~/Documents/GitHub/MAUIpeltier:MAUI garrettjaeger$ git status
On branch master
Changes not staged for commit:
  (use "git add/rm <file>..." to update what will be committed)
  (use "git checkout -- <file>..." to discard changes in working directory)

	[31mmodified:   .Rproj.user/CFFF035/console06/906B45FC[m
	[31mdeleted:    MAUI[m
	[31mdeleted:    data/n300_181003.csv[m

Untracked files:
  (use "git add <file>..." to include in what will be committed)

	[31m.Rproj.user/CFFF035/build_options[m

no changes added to commit (use "git add" and/or "git commit -a")
]0;~/Documents/GitHub/MAUIpeltier:MAUI garrettjaeger$ git add .
]0;~/Documents/GitHub/MAUIpeltier:MAUI garrettjaeger$ git commit -1[Ka
hint: Waiting for your editor to close the file... [?2004h[K[master 51bd7e2] starting
 4 files changed, 46 insertions(+), 2 deletions(-)
 create mode 100644 .Rproj.user/CFFF035/build_options
 delete mode 160000 MAUI
 delete mode 100644 data/n300_181003.csv
]0;~/Documents/GitHub/MAUIpeltier:MAUI garrettjaeger$ git status
On branch master
nothing to commit, working tree clean
]0;~/Documents/GitHub/MAUIpeltier:MAUI garrettjaeger$ cd data
]0;~/Documents/GitHub/MAUI/datapeltier:data garrettjaeger$ cd ..
]0;~/Documents/GitHub/MAUIpeltier:MAUI garrettjaeger$ cd data
]0;~/Documents/GitHub/MAUI/datapeltier:data garrettjaeger$ ls
n300_181003.csv
]0;~/Documents/GitHub/MAUI/datapeltier:data garrettjaeger$ git add .
]0;~/Documents/GitHub/MAUI/datapeltier:data garrettjaeger$ git status
On branch master
Your branch is up to date with 'origin/master'.

Changes to be committed:
  (use "git reset HEAD <file>..." to unstage)

	[32mnew file:   n300_181003.csv[m

Untracked files:
  (use "git add <file>..." to include in what will be committed)

	[31m../.Rproj.user/[m
	[31m../MAUI.Rproj[m

]0;~/Documents/GitHub/MAUI/datapeltier:data garrettjaeger$ git commit -a
hint: Waiting for your editor to close the file... [?2004h[K[master 81e02cb] something something
 1 file changed, 0 insertions(+), 0 deletions(-)
 create mode 100644 data/n300_181003.csv
]0;~/Documents/GitHub/MAUI/datapeltier:data garrettjaeger$ git status
On branch master
Your branch is ahead of 'origin/master' by 1 commit.
  (use "git push" to publish your local commits)

Untracked files:
  (use "git add <file>..." to include in what will be committed)

	[31m../.Rproj.user/[m
	[31m../MAUI.Rproj[m

nothing added to commit but untracked files present (use "git add" to track)
]0;~/Documents/GitHub/MAUI/datapeltier:data garrettjaeger$ git add .
]0;~/Documents/GitHub/MAUI/datapeltier:data garrettjaeger$ git aco[K[K[Kcommit -w 'help'
error: unknown switch `w'
usage: git commit [<options>] [--] <pathspec>...

    -q, --quiet           suppress summary after successful commit
    -v, --verbose         show diff in commit message template

Commit message options
    -F, --file <file>     read message from file
    --author <author>     override author for commit
    --date <date>         override date for commit
    -m, --message <message>
                          commit message
    -c, --reedit-message <commit>
                          reuse and edit message from specified commit
    -C, --reuse-message <commit>
                          reuse message from specified commit
    --fixup <commit>      use autosquash formatted message to fixup specified commit
    --squash <commit>     use autosquash formatted message to squash specified commit
    --reset-author        the commit is authored by me now (used with -C/-c/--amend)
    -s, --signoff         add Signed-off-by:
    -t, --template <file>
                          use specified template file
    -e, --edit            force edit of commit
    --cleanup <default>   how to strip spaces and #comments from message
    --status              include status in commit message template
    -S, --gpg-sign[=<key-id>]
                          GPG sign commit

Commit contents options
    -a, --all             commit all changed files
    -i, --include         add specified files to index for commit
    --interactive         interactively add files
    -p, --patch           interactively add changes
    -o, --only            commit only specified files
    -n, --no-verify       bypass pre-commit and commit-msg hooks
    --dry-run             show what would be committed
    --short               show status concisely
    --branch              show branch information
    --ahead-behind        compute full ahead/behind values
    --porcelain           machine-readable output
    --long                show status in long format (default)
    -z, --null            terminate entries with NUL
    --amend               amend previous commit
    --no-post-rewrite     bypass post-rewrite hook
    -u, --untracked-files[=<mode>]
                          show untracked files, optional modes: all, normal, no. (Default: all)

]0;~/Documents/GitHub/MAUI/datapeltier:data garrettjaeger$ git status
On branch master
Your branch is ahead of 'origin/master' by 1 commit.
  (use "git push" to publish your local commits)

Untracked files:
  (use "git add <file>..." to include in what will be committed)

	[31m../.Rproj.user/[m
	[31m../MAUI.Rproj[m

nothing added to commit but untracked files present (use "git add" to track)
]0;~/Documents/GitHub/MAUI/datapeltier:data garrettjaeger$ git add -A
]0;~/Documents/GitHub/MAUI/datapeltier:data garrettjaeger$ git status
On branch master
Your branch is ahead of 'origin/master' by 1 commit.
  (use "git push" to publish your local commits)

Changes to be committed:
  (use "git reset HEAD <file>..." to unstage)

	[32mnew file:   ../.Rproj.user/CFFF035/build_options[m
	[32mnew file:   ../.Rproj.user/CFFF035/console06/906B45FC[m
	[32mnew file:   ../.Rproj.user/CFFF035/console06/906B45FC.env[m
	[32mnew file:   ../.Rproj.user/CFFF035/console06/INDEX001[m
	[32mnew file:   ../MAUI.Rproj[m

Changes not staged for commit:
  (use "git add <file>..." to update what will be committed)
  (use "git checkout -- <file>..." to discard changes in working directory)

	[31mmodified:   ../.Rproj.user/CFFF035/console06/906B45FC[m

]0;~/Documents/GitHub/MAUI/datapeltier:data garrettjaeger$ git push origin master
Enumerating objects: 5, done.
Counting objects:  20% (1/5)   Counting objects:  40% (2/5)   Counting objects:  60% (3/5)   Counting objects:  80% (4/5)   Counting objects: 100% (5/5)   Counting objects: 100% (5/5), done.
Delta compression using up to 4 threads
Compressing objects:  50% (1/2)   Compressing objects: 100% (2/2)   Compressing objects: 100% (2/2), done.
Writing objects:  25% (1/4)   Writing objects:  50% (2/4)   Writing objects:  75% (3/4)   Writing objects: 100% (4/4)   Writing objects: 100% (4/4), 358 bytes | 179.00 KiB/s, done.
Total 4 (delta 0), reused 0 (delta 0)
git status
To https://github.com/ghandoff/MAUI.git
   4af751e..81e02cb  master -> master
]0;~/Documents/GitHub/MAUI/datapeltier:data garrettjaeger$ git status
On branch master
Your branch is up to date with 'origin/master'.

Changes to be committed:
  (use "git reset HEAD <file>..." to unstage)

	[32mnew file:   ../.Rproj.user/CFFF035/build_options[m
	[32mnew file:   ../.Rproj.user/CFFF035/console06/906B45FC[m
	[32mnew file:   ../.Rproj.user/CFFF035/console06/906B45FC.env[m
	[32mnew file:   ../.Rproj.user/CFFF035/console06/INDEX001[m
	[32mnew file:   ../MAUI.Rproj[m

Changes not staged for commit:
  (use "git add <file>..." to update what will be committed)
  (use "git checkout -- <file>..." to discard changes in working directory)

	[31mmodified:   ../.Rproj.user/CFFF035/console06/906B45FC[m

]0;~/Documents/GitHub/MAUI/datapeltier:data garrettjaeger$ git status
On branch master
Your branch is up to date with 'origin/master'.

Changes to be committed:
  (use "git reset HEAD <file>..." to unstage)

	[32mnew file:   ../.Rproj.user/CFFF035/build_options[m
	[32mnew file:   ../.Rproj.user/CFFF035/console06/906B45FC[m
	[32mnew file:   ../.Rproj.user/CFFF035/console06/906B45FC.env[m
	[32mnew file:   ../.Rproj.user/CFFF035/console06/INDEX001[m
	[32mnew file:   ../MAUI.Rproj[m

Changes not staged for commit:
  (use "git add <file>..." to update what will be committed)
  (use "git checkout -- <file>..." to discard changes in working directory)

	[31mmodified:   ../.Rproj.user/CFFF035/console06/906B45FC[m

git ls
git: 'ls' is not a git command. See 'git --help'.

The most similar commands are
	lg
	ll
]0;~/Documents/GitHub/MAUI/datapeltier:data garrettjaeger$ git add -A
]0;~/Documents/GitHub/MAUI/datapeltier:data garrettjaeger$ cd ..
]0;~/Documents/GitHub/MAUIpeltier:MAUI garrettjaeger$ git add -A
]0;~/Documents/GitHub/MAUIpeltier:MAUI garrettjaeger$ git commit -a
hint: Waiting for your editor to close the file... [?2004h[K[master 7221cdd] again
 20 files changed, 430 insertions(+)
 create mode 100644 .Rhistory
 create mode 100644 .Rproj.user/CFFF035/build_options
 create mode 100644 .Rproj.user/CFFF035/console06/906B45FC
 create mode 100644 .Rproj.user/CFFF035/console06/906B45FC.env
 create mode 100644 .Rproj.user/CFFF035/console06/INDEX001
 create mode 100644 .Rproj.user/CFFF035/pcs/files-pane.pper
 create mode 100644 .Rproj.user/CFFF035/pcs/source-pane.pper
 create mode 100644 .Rproj.user/CFFF035/pcs/windowlayoutstate.pper
 create mode 100644 .Rproj.user/CFFF035/pcs/workbench-pane.pper
 create mode 100644 .Rproj.user/CFFF035/rmd-outputs
 create mode 100644 .Rproj.user/CFFF035/saved_source_markers
 create mode 100644 .Rproj.user/CFFF035/sources/prop/6C647849
 create mode 100644 .Rproj.user/CFFF035/sources/prop/INDEX
 create mode 100644 .Rproj.user/CFFF035/sources/s-4845FC09/421874C
 create mode 100644 .Rproj.user/CFFF035/sources/s-4845FC09/421874C-contents
 create mode 100644 .Rproj.user/CFFF035/sources/s-4845FC09/lock_file
 create mode 100644 .Rproj.user/shared/notebooks/patch-chunk-names
 create mode 100644 .Rproj.user/shared/notebooks/paths
 create mode 100644 MAUI.Rproj
 create mode 100644 sandbox.R
]0;~/Documents/GitHub/MAUIpeltier:MAUI garrettjaeger$ git status
On branch master
Your branch is ahead of 'origin/master' by 1 commit.
  (use "git push" to publish your local commits)

Changes not staged for commit:
  (use "git add <file>..." to update what will be committed)
  (use "git checkout -- <file>..." to discard changes in working directory)

	[31mmodified:   .Rproj.user/CFFF035/console06/906B45FC[m
	[31mmodified:   .Rproj.user/CFFF035/console06/906B45FC.env[m
	[31mmodified:   .Rproj.user/CFFF035/console06/INDEX001[m

no changes added to commit (use "git add" and/or "git commit -a")
]0;~/Documents/GitHub/MAUIpeltier:MAUI garrettjaeger$ git add .
]0;~/Documents/GitHub/MAUIpeltier:MAUI garrettjaeger$ git status
On branch master
Your branch is ahead of 'origin/master' by 1 commit.
  (use "git push" to publish your local commits)

Changes to be committed:
  (use "git reset HEAD <file>..." to unstage)

	[32mmodified:   .Rproj.user/CFFF035/console06/906B45FC[m
	[32mmodified:   .Rproj.user/CFFF035/console06/906B45FC.env[m
	[32mmodified:   .Rproj.user/CFFF035/console06/INDEX001[m

Changes not staged for commit:
  (use "git add <file>..." to update what will be committed)
  (use "git checkout -- <file>..." to discard changes in working directory)

	[31mmodified:   .Rproj.user/CFFF035/console06/906B45FC[m

]0;~/Documents/GitHub/MAUIpeltier:MAUI garrettjaeger$ git commit - a[K[Ka
hint: Waiting for your editor to close the file... [?2004h[K[master 22e2453] again and again
 3 files changed, 61 insertions(+), 3 deletions(-)
 rewrite .Rproj.user/CFFF035/console06/INDEX001 (70%)
]0;~/Documents/GitHub/MAUIpeltier:MAUI garrettjaeger$ git status
On branch master
Your branch is ahead of 'origin/master' by 2 commits.
  (use "git push" to publish your local commits)

Changes not staged for commit:
  (use "git add <file>..." to update what will be committed)
  (use "git checkout -- <file>..." to discard changes in working directory)

	[31mmodified:   .Rproj.user/CFFF035/console06/906B45FC[m

no changes added to commit (use "git add" and/or "git commit -a")
]0;~/Documents/GitHub/MAUIpeltier:MAUI garrettjaeger$ git pull
Already up to date.
]0;~/Documents/GitHub/MAUIpeltier:MAUI garrettjaeger$ git i[Korigin remote
git: 'origin' is not a git command. See 'git --help'.
]0;~/Documents/GitHub/MAUIpeltier:MAUI garrettjaeger$ git fetch
]0;~/Documents/GitHub/MAUIpeltier:MAUI garrettjaeger$ git status
On branch master
Your branch is ahead of 'origin/master' by 2 commits.
  (use "git push" to publish your local commits)

Changes not staged for commit:
  (use "git add <file>..." to update what will be committed)
  (use "git checkout -- <file>..." to discard changes in working directory)

	[31mmodified:   .Rproj.user/CFFF035/console06/906B45FC[m

no changes added to commit (use "git add" and/or "git commit -a")
]0;~/Documents/GitHub/MAUIpeltier:MAUI garrettjaeger$ git add .
]0;~/Documents/GitHub/MAUIpeltier:MAUI garrettjaeger$ git status
On branch master
Your branch is ahead of 'origin/master' by 2 commits.
  (use "git push" to publish your local commits)

Changes to be committed:
  (use "git reset HEAD <file>..." to unstage)

	[32mmodified:   .Rproj.user/CFFF035/console06/906B45FC[m

Changes not staged for commit:
  (use "git add <file>..." to update what will be committed)
  (use "git checkout -- <file>..." to discard changes in working directory)

	[31mmodified:   .Rproj.user/CFFF035/console06/906B45FC[m

]0;~/Documents/GitHub/MAUIpeltier:MAUI garrettjaeger$ git commit - [Km 'more'
[master ec40410] more
 1 file changed, 34 insertions(+), 1 deletion(-)
]0;~/Documents/GitHub/MAUIpeltier:MAUI garrettjaeger$ git status
On branch master
Your branch is ahead of 'origin/master' by 3 commits.
  (use "git push" to publish your local commits)

Changes not staged for commit:
  (use "git add <file>..." to update what will be committed)
  (use "git checkout -- <file>..." to discard changes in working directory)

	[31mmodified:   .Rproj.user/CFFF035/console06/906B45FC[m

no changes added to commit (use "git add" and/or "git commit -a")
]0;~/Documents/GitHub/MAUIpeltier:MAUI garrettjaeger$ git git --version
git: 'git' is not a git command. See 'git --help'.

The most similar command is
	init
]0;~/Documents/GitHub/MAUIpeltier:MAUI garrettjaeger$ cd
]0;~peltier:~ garrettjaeger$ cd Documents
]0;~/Documentspeltier:Documents garrettjaeger$ cd GitHub
]0;~/Documents/GitHubpeltier:GitHub garrettjaeger$ got [K[K[Kit --version
git version 2.19.0
]0;~/Documents/GitHubpeltier:GitHub garrettjaeger$ git config --global user.name "garrett jaeger"
]0;~/Documents/GitHubpeltier:GitHub garrettjaeger$ git config --global user.name "garrett jaeger"[K[K[K[K[K[K[K[K[K[K[K[K[K[K[K[K[K[K[K[K[Kemail "garrett.jaeger[K[K[K[K[K[K[K[K[K[K[K[K[K[Kanotheroption@gmail.com"
]0;~/Documents/GitHubpeltier:GitHub garrettjaeger$ git congi[K[Kfig --list
[?1h=core.excludesfile=~/.gitignore[m
core.legacyheaders=false[m
core.quotepath=false[m
mergetool.keepbackup=true[m
push.default=simple[m
color.ui=auto[m
color.interactive=auto[m
repack.usedeltabaseoffset=true[m
alias.s=status[m
alias.a=!git add . && git status[m
alias.au=!git add -u . && git status[m
alias.aa=!git add . && git add -u . && git status[m
alias.c=commit[m
alias.cm=commit -m[m
alias.ca=commit --amend[m
alias.ac=!git add . && git commit[m
:[K[K [KESCESC[KESCESC[K:[K[K [KESCESC[KESCESC[K:[K[K [KESCESC[KESCESC[K:[K[K[K:[K[K[7mNo next tag  (press RETURN)[27m[17;1H[K[K:[K[K[K:[K[K[?1l>]0;~/Documents/GitHubpeltier:GitHub garrettjaeger$ git status
On branch master

No commits yet

Untracked files:
  (use "git add <file>..." to include in what will be committed)

	[31mDatavyu-Example-Scripts/[m
	[31mEE-NSF/[m
	[31mMAUI-Bootstrapping/[m
	[31mMAUI/[m
	[31mgitouttahere/[m
	[31mmyapp2/[m
	[31mnetlify/[m
	[31mselectedCode.R[m
	[31mtrial1.csv[m
	[31mtrial1.txt[m
	[31mtrial1.xlsx[m
	[31mwebby/[m
	[31mwindedvertigo/[m

nothing added to commit but untracked files present (use "git add" to track)
]0;~/Documents/GitHubpeltier:GitHub garrettjaeger$ git add .
warning: adding embedded git repository: Datavyu-Example-Scripts
[33mhint: You've added another git repository inside your current repository.[m
[33mhint: Clones of the outer repository will not contain the contents of[m
[33mhint: the embedded repository and will not know how to obtain it.[m
[33mhint: If you meant to add a submodule, use:[m
[33mhint: [m
[33mhint: 	git submodule add <url> Datavyu-Example-Scripts[m
[33mhint: [m
[33mhint: If you added this path by mistake, you can remove it from the[m
[33mhint: index with:[m
[33mhint: [m
[33mhint: 	git rm --cached Datavyu-Example-Scripts[m
[33mhint: [m
[33mhint: See "git help submodule" for more information.[m
warning: adding embedded git repository: MAUI-Bootstrapping
warning: adding embedded git repository: MAUI
warning: adding embedded git repository: gitouttahere
warning: adding embedded git repository: myapp2/myappsample
warning: adding embedded git repository: netlify
warning: adding embedded git repository: webby
]0;~/Documents/GitHubpeltier:GitHub garrettjaeger$ git[K[K[Kcd MAUI
]0;~/Documents/GitHub/MAUIpeltier:MAUI garrettjaeger$ git config --list
[?1h=core.excludesfile=~/.gitignore[m
core.legacyheaders=false[m
core.quotepath=false[m
mergetool.keepbackup=true[m
push.default=simple[m
color.ui=auto[m
color.interactive=auto[m
repack.usedeltabaseoffset=true[m
alias.s=status[m
alias.a=!git add . && git status[m
alias.au=!git add -u . && git status[m
alias.aa=!git add . && git add -u . && git status[m
alias.c=commit[m
alias.cm=commit -m[m
alias.ca=commit --amend[m
alias.ac=!git add . && git commit[m
:[K[K [KESCESC[K[[[K11[K:[K[K:[K[K:[K22[K:[K[K[K:[K[K:[K[K[7mNo next tag  (press RETURN)[27m[17;1H[K[K:[K[K:[K[K:[K[K/[K[K[7mNo previous regular expression  (press RETURN)[27m[17;1H[K[Kalias.acm=!git add . && git commit -m[m
alias.l=log --graph --all --pretty=format:'%C(yellow)%h%C(cyan)%d%Creset %s %C(white)- %an, %ar%Creset'[m
alias.ll=log --stat --abbrev-commit[m
alias.lg=log --color --graph --pretty=format:'%C(bold white)%h%Creset -%C(bold green)%d%Creset %s %C(bold green[m )(%cr)%Creset %C(bold blue)<%an>%Creset' --abbrev-commit --date=relative[m
alias.llg=log --color --graph --pretty=format:'%C(bold white)%H %d%Creset%n%s%n%+b%C(bold blue)%an <%ae>%Creset[m  %C(bold green)%cr (%ci)' --abbrev-commit[m
alias.d=diff[m
alias.master=checkout master[m
alias.spull=svn rebase[m
alias.spush=svn dcommit[m
alias.alias=!git config --list | grep 'alias\.' | sed 's/alias\.\([^=]*\)=\(.*\)/\1\     => \2/' | sort[m
include.path=~/.gitcinclude[m
include.path=.githubconfig[m
include.path=.gitcredential[m
diff.exif.textconv=exif[m
:[K[K:[K[K[HMalias.ac=!git add . && git commit[m
[HMalias.ca=commit --amend[m
[HMalias.cm=commit -m[m
[HMalias.c=commit[m
[HMalias.aa=!git add . && git add -u . && git status[m
[HMalias.au=!git add -u . && git status[m
[HMalias.a=!git add . && git status[m
[HMalias.s=status[m
[HMrepack.usedeltabaseoffset=true[m
[HMcolor.interactive=auto[m
[HMcolor.ui=auto[m
[HMpush.default=simple[m
[HMmergetool.keepbackup=true[m
[HMcore.quotepath=false[m
[HMcore.legacyheaders=false[m
[HMcore.excludesfile=~/.gitignore[m
[17;1H[K:[K[Kalias.acm=!git add . && git commit -m[m
alias.l=log --graph --all --pretty=format:'%C(yellow)%h%C(cyan)%d%Creset %s %C(white)- %an, %ar%Creset'[m
alias.ll=log --stat --abbrev-commit[m
alias.lg=log --color --graph --pretty=format:'%C(bold white)%h%Creset -%C(bold green)%d%Creset %s %C(bold green[m )(%cr)%Creset %C(bold blue)<%an>%Creset' --abbrev-commit --date=relative[m
alias.llg=log --color --graph --pretty=format:'%C(bold white)%H %d%Creset%n%s%n%+b%C(bold blue)%an <%ae>%Creset[m  %C(bold green)%cr (%ci)' --abbrev-commit[m
alias.d=diff[m
alias.master=checkout master[m
alias.spull=svn rebase[m
alias.spush=svn dcommit[m
alias.alias=!git config --list | grep 'alias\.' | sed 's/alias\.\([^=]*\)=\(.*\)/\1\     => \2/' | sort[m
include.path=~/.gitcinclude[m
include.path=.githubconfig[m
include.path=.gitcredential[m
diff.exif.textconv=exif[m
:[K[K-[K--[Kgg[Kll[Koo[Kbb[Kaa[Kll[K  [Kuu[Kss[Kee[Krr[K..[Knn[Kaa[Kmm[Kee[K  [K""[Kgg[Kaa[Krr[Krr[Kee[Ktt[Ktt[K  [Kjj[Kaa[Kee[Kgg[Kee[Krr[K""[KESCESC[KESCESC[KESCESC[K::[Kww[Kqq[K[7mThere is no --global user.name "garrett jaeger":wq option  (press RETURN)[27m[17;1H[K[K:[K[K[HMalias.ac=!git add . && git commit[m
[HMalias.ca=commit --amend[m
[HMalias.cm=commit -m[m
[HMalias.c=commit[m
[HMalias.aa=!git add . && git add -u . && git status[m
[HMalias.au=!git add -u . && git status[m
[HMalias.a=!git add . && git status[m
[HMalias.s=status[m
[HMrepack.usedeltabaseoffset=true[m
[HMcolor.interactive=auto[m
[HMcolor.ui=auto[m
[HMpush.default=simple[m
[HMmergetool.keepbackup=true[m
[HMcore.quotepath=false[m
[HMcore.legacyheaders=false[m
[HMcore.excludesfile=~/.gitignore[m
[17;1H[K:[K[K[?1l>]0;~/Documents/GitHub/MAUIpeltier:MAUI garrettjaeger$ git[K[Kgit config --global user.name "garrett jaeger"[K[K[K[K[K[K[K[K[K[K[K[K[K[K[K[K[K[K[K[K[K[K[K[K[K[K[K[K[K[K[K[K[K[K[K[K[K[K[K[K[K[K[K[K[K[K[Kgit config --global user.name "garrett jaeger"
]0;~/Documents/GitHub/MAUIpeltier:MAUI garrettjaeger$ git config --global user.name "garrett jaeger"[K[K[K[K[K[K[K[K[K[K[K[K[K[K[K[K[K[K[K[K[Kemail "anotheroption@gmail.com"
]0;~/Documents/GitHub/MAUIpeltier:MAUI garrettjaeger$ git config --list
[?1h=core.excludesfile=~/.gitignore[m
core.legacyheaders=false[m
core.quotepath=false[m
mergetool.keepbackup=true[m
push.default=simple[m
color.ui=auto[m
color.interactive=auto[m
repack.usedeltabaseoffset=true[m
alias.s=status[m
alias.a=!git add . && git status[m
alias.au=!git add -u . && git status[m
alias.aa=!git add . && git add -u . && git status[m
alias.c=commit[m
alias.cm=commit -m[m
alias.ca=commit --amend[m
alias.ac=!git add . && git commit[m
:[K[K[K:[K[K[?1l>]0;~/Documents/GitHub/MAUIpeltier:MAUI garrettjaeger$ cd
]0;~peltier:~ garrettjaeger$ cd Documents
]0;~/Documentspeltier:Documents garrettjaeger$ cd GitHub
]0;~/Documents/GitHubpeltier:GitHub garrettjaeger$ cd MAUI
]0;~/Documents/GitHub/MAUIpeltier:MAUI garrettjaeger$ git status
On branch master
Your branch is ahead of 'origin/master' by 3 commits.
  (use "git push" to publish your local commits)

Changes not staged for commit:
  (use "git add <file>..." to update what will be committed)
  (use "git checkout -- <file>..." to discard changes in working directory)

	[31mmodified:   .Rproj.user/CFFF035/console06/906B45FC[m
	[31mmodified:   .Rproj.user/CFFF035/console06/906B45FC.env[m
	[31mmodified:   .Rproj.user/CFFF035/console06/INDEX001[m
	[31mmodified:   data/n300_181003.csv[m

no changes added to commit (use "git add" and/or "git commit -a")
]0;~/Documents/GitHub/MAUIpeltier:MAUI garrettjaeger$ git add .
]0;~/Documents/GitHub/MAUIpeltier:MAUI garrettjaeger$ git a[Kstatus
On branch master
Your branch is ahead of 'origin/master' by 3 commits.
  (use "git push" to publish your local commits)

Changes to be committed:
  (use "git reset HEAD <file>..." to unstage)

	[32mmodified:   .Rproj.user/CFFF035/console06/906B45FC[m
	[32mmodified:   .Rproj.user/CFFF035/console06/906B45FC.env[m
	[32mmodified:   .Rproj.user/CFFF035/console06/INDEX001[m
	[32mmodified:   data/n300_181003.csv[m

Changes not staged for commit:
  (use "git add <file>..." to update what will be committed)
  (use "git checkout -- <file>..." to discard changes in working directory)

	[31mmodified:   .Rproj.user/CFFF035/console06/906B45FC[m

]0;~/Documents/GitHub/MAUIpeltier:MAUI garrettjaeger$ git push origin master
Enumerating objects: 43, done.
Counting objects:   2% (1/43)   Counting objects:   4% (2/43)   Counting objects:   6% (3/43)   Counting objects:   9% (4/43)   Counting objects:  11% (5/43)   Counting objects:  13% (6/43)   Counting objects:  16% (7/43)   Counting objects:  18% (8/43)   Counting objects:  20% (9/43)   Counting objects:  23% (10/43)   Counting objects:  25% (11/43)   Counting objects:  27% (12/43)   Counting objects:  30% (13/43)   Counting objects:  32% (14/43)   Counting objects:  34% (15/43)   Counting objects:  37% (16/43)   Counting objects:  39% (17/43)   Counting objects:  41% (18/43)   Counting objects:  44% (19/43)   Counting objects:  46% (20/43)   Counting objects:  48% (21/43)   Counting objects:  51% (22/43)   Counting objects:  53% (23/43)   Counting objects:  55% (24/43)   Counting objects:  58% (25/43)   Counting objects:  60% (26/43)   Counting objects:  62% (27/43)   Counting objects:  65% (28/43)   Counting objects:  67% (29/43)   Counting objects:  69% (30/43)   Counting objects:  72% (31/43)   Counting objects:  74% (32/43)   Counting objects:  76% (33/43)   Counting objects:  79% (34/43)   Counting objects:  81% (35/43)   Counting objects:  83% (36/43)   Counting objects:  86% (37/43)   Counting objects:  88% (38/43)   Counting objects:  90% (39/43)   Counting objects:  93% (40/43)   Counting objects:  95% (41/43)   Counting objects:  97% (42/43)   Counting objects: 100% (43/43)   Counting objects: 100% (43/43), done.
Delta compression using up to 4 threads
Compressing objects:   2% (1/38)   Compressing objects:   5% (2/38)   Compressing objects:   7% (3/38)   Compressing objects:  10% (4/38)   Compressing objects:  13% (5/38)   Compressing objects:  15% (6/38)   Compressing objects:  18% (7/38)   Compressing objects:  21% (8/38)   Compressing objects:  23% (9/38)   Compressing objects:  26% (10/38)   Compressing objects:  28% (11/38)   Compressing objects:  31% (12/38)   Compressing objects:  34% (13/38)   Compressing objects:  36% (14/38)   Compressing objects:  39% (15/38)   Compressing objects:  42% (16/38)   Compressing objects:  44% (17/38)   Compressing objects:  47% (18/38)   Compressing objects:  50% (19/38)   Compressing objects:  52% (20/38)   Compressing objects:  55% (21/38)   Compressing objects:  57% (22/38)   Compressing objects:  60% (23/38)   Compressing objects:  63% (24/38)   Compressing objects:  65% (25/38)   Compressing objects:  68% (26/38)   Compressing objects:  71% (27/38)   Compressing objects:  73% (28/38)   Compressing objects:  76% (29/38)   Compressing objects:  78% (30/38)   Compressing objects:  81% (31/38)   Compressing objects:  84% (32/38)   Compressing objects:  86% (33/38)   Compressing objects:  89% (34/38)   Compressing objects:  92% (35/38)   Compressing objects:  94% (36/38)   Compressing objects:  97% (37/38)   Compressing objects: 100% (38/38)   Compressing objects: 100% (38/38), done.
Writing objects:   2% (1/42)   Writing objects:   4% (2/42)   Writing objects:   7% (3/42)   Writing objects:   9% (4/42)   Writing objects:  11% (5/42)   Writing objects:  14% (6/42)   Writing objects:  16% (7/42)   Writing objects:  19% (8/42)   Writing objects:  21% (9/42)   Writing objects:  23% (10/42)   Writing objects:  26% (11/42)   Writing objects:  30% (13/42)   Writing objects:  33% (14/42)   Writing objects:  35% (15/42)   Writing objects:  38% (16/42)   Writing objects:  40% (17/42)   Writing objects:  42% (18/42)   Writing objects:  45% (19/42)   Writing objects:  47% (20/42)   Writing objects:  50% (21/42)   Writing objects:  52% (22/42)   Writing objects:  54% (23/42)   Writing objects:  57% (24/42)   Writing objects:  59% (25/42)   Writing objects:  61% (26/42)   Writing objects:  64% (27/42)   Writing objects:  66% (28/42)   Writing objects:  69% (29/42)   Writing objects:  71% (30/42)   Writing objects:  73% (31/42)   Writing objects:  76% (32/42)   Writing objects:  78% (33/42)   Writing objects:  80% (34/42)   Writing objects:  83% (35/42)   Writing objects:  85% (36/42)   Writing objects:  88% (37/42)   Writing objects:  90% (38/42)   Writing objects:  92% (39/42)   Writing objects:  95% (40/42)   Writing objects:  97% (41/42)   Writing objects: 100% (42/42)   Writing objects: 100% (42/42), 7.70 KiB | 138.00 KiB/s, done.
Total 42 (delta 8), reused 0 (delta 0)
remote: Resolving deltas:   0% (0/8)   [Kremote: Resolving deltas:  25% (2/8)   [Kremote: Resolving deltas:  50% (4/8)   [Kremote: Resolving deltas:  75% (6/8)   [Kremote: Resolving deltas:  87% (7/8)   [Kremote: Resolving deltas: 100% (8/8)   [Kremote: Resolving deltas: 100% (8/8), done.[K
To https://github.com/ghandoff/MAUI.git
   81e02cb..ec40410  master -> master
]0;~/Documents/GitHub/MAUIpeltier:MAUI garrettjaeger$ 