git status
On branch master
Changes not staged for commit:
  (use "git add/rm <file>..." to update what will be committed)
  (use "git checkout -- <file>..." to discard changes in working directory)

	[31mmodified:   .Rproj.user/CFFF035/console06/906B45FC[m
	[31mdeleted:    MAUI[m
	[31mdeleted:    data/n300_181003.csv[m

Untracked files:
  (use "git add <file>..." to include in what will be committed)

	[31m.Rproj.user/CFFF035/build_options[m

no changes added to commit (use "git add" and/or "git commit -a")
]0;~/Documents/GitHub/MAUIpeltier:MAUI garrettjaeger$ [Kpeltier:MAUI garrettjaeger$ git a[Kstatus
On branch master
Changes not staged for commit:
  (use "git add/rm <file>..." to update what will be committed)
  (use "git checkout -- <file>..." to discard changes in working directory)

	[31mmodified:   .Rproj.user/CFFF035/console06/906B45FC[m
	[31mdeleted:    MAUI[m
	[31mdeleted:    data/n300_181003.csv[m

Untracked files:
  (use "git add <file>..." to include in what will be committed)

	[31m.Rproj.user/CFFF035/build_options[m

no changes added to commit (use "git add" and/or "git commit -a")
]0;~/Documents/GitHub/MAUIpeltier:MAUI garrettjaeger$ 
Display all 2175 possibilities? (y or n)
peltier:MAUI garrettjaeger$ 
]0;~/Documents/GitHub/MAUIpeltier:MAUI garrettjaeger$ git status
On branch master
Changes not staged for commit:
  (use "git add/rm <file>..." to update what will be committed)
  (use "git checkout -- <file>..." to discard changes in working directory)

	[31mmodified:   .Rproj.user/CFFF035/console06/906B45FC[m
	[31mdeleted:    MAUI[m
	[31mdeleted:    data/n300_181003.csv[m

Untracked files:
  (use "git add <file>..." to include in what will be committed)

	[31m.Rproj.user/CFFF035/build_options[m

no changes added to commit (use "git add" and/or "git commit -a")
]0;~/Documents/GitHub/MAUIpeltier:MAUI garrettjaeger$ git add .
]0;~/Documents/GitHub/MAUIpeltier:MAUI garrettjaeger$ git commit -1[Ka
hint: Waiting for your editor to close the file... [?2004h[K[master 51bd7e2] starting
 4 files changed, 46 insertions(+), 2 deletions(-)
 create mode 100644 .Rproj.user/CFFF035/build_options
 delete mode 160000 MAUI
 delete mode 100644 data/n300_181003.csv
]0;~/Documents/GitHub/MAUIpeltier:MAUI garrettjaeger$ git status
On branch master
nothing to commit, working tree clean
]0;~/Documents/GitHub/MAUIpeltier:MAUI garrettjaeger$ cd data
]0;~/Documents/GitHub/MAUI/datapeltier:data garrettjaeger$ cd ..
]0;~/Documents/GitHub/MAUIpeltier:MAUI garrettjaeger$ cd data
]0;~/Documents/GitHub/MAUI/datapeltier:data garrettjaeger$ ls
n300_181003.csv
]0;~/Documents/GitHub/MAUI/datapeltier:data garrettjaeger$ git add .
]0;~/Documents/GitHub/MAUI/datapeltier:data garrettjaeger$ git status
On branch master
Your branch is up to date with 'origin/master'.

Changes to be committed:
  (use "git reset HEAD <file>..." to unstage)

	[32mnew file:   n300_181003.csv[m

Untracked files:
  (use "git add <file>..." to include in what will be committed)

	[31m../.Rproj.user/[m
	[31m../MAUI.Rproj[m

]0;~/Documents/GitHub/MAUI/datapeltier:data garrettjaeger$ git commit -a
hint: Waiting for your editor to close the file... [?2004h[K[master 81e02cb] something something
 1 file changed, 0 insertions(+), 0 deletions(-)
 create mode 100644 data/n300_181003.csv
]0;~/Documents/GitHub/MAUI/datapeltier:data garrettjaeger$ git status
On branch master
Your branch is ahead of 'origin/master' by 1 commit.
  (use "git push" to publish your local commits)

Untracked files:
  (use "git add <file>..." to include in what will be committed)

	[31m../.Rproj.user/[m
	[31m../MAUI.Rproj[m

nothing added to commit but untracked files present (use "git add" to track)
]0;~/Documents/GitHub/MAUI/datapeltier:data garrettjaeger$ git add .
]0;~/Documents/GitHub/MAUI/datapeltier:data garrettjaeger$ git aco[K[K[Kcommit -w 'help'
error: unknown switch `w'
usage: git commit [<options>] [--] <pathspec>...

    -q, --quiet           suppress summary after successful commit
    -v, --verbose         show diff in commit message template

Commit message options
    -F, --file <file>     read message from file
    --author <author>     override author for commit
    --date <date>         override date for commit
    -m, --message <message>
                          commit message
    -c, --reedit-message <commit>
                          reuse and edit message from specified commit
    -C, --reuse-message <commit>
                          reuse message from specified commit
    --fixup <commit>      use autosquash formatted message to fixup specified commit
    --squash <commit>     use autosquash formatted message to squash specified commit
    --reset-author        the commit is authored by me now (used with -C/-c/--amend)
    -s, --signoff         add Signed-off-by:
    -t, --template <file>
                          use specified template file
    -e, --edit            force edit of commit
    --cleanup <default>   how to strip spaces and #comments from message
    --status              include status in commit message template
    -S, --gpg-sign[=<key-id>]
                          GPG sign commit

Commit contents options
    -a, --all             commit all changed files
    -i, --include         add specified files to index for commit
    --interactive         interactively add files
    -p, --patch           interactively add changes
    -o, --only            commit only specified files
    -n, --no-verify       bypass pre-commit and commit-msg hooks
    --dry-run             show what would be committed
    --short               show status concisely
    --branch              show branch information
    --ahead-behind        compute full ahead/behind values
    --porcelain           machine-readable output
    --long                show status in long format (default)
    -z, --null            terminate entries with NUL
    --amend               amend previous commit
    --no-post-rewrite     bypass post-rewrite hook
    -u, --untracked-files[=<mode>]
                          show untracked files, optional modes: all, normal, no. (Default: all)

]0;~/Documents/GitHub/MAUI/datapeltier:data garrettjaeger$ git status
On branch master
Your branch is ahead of 'origin/master' by 1 commit.
  (use "git push" to publish your local commits)

Untracked files:
  (use "git add <file>..." to include in what will be committed)

	[31m../.Rproj.user/[m
	[31m../MAUI.Rproj[m

nothing added to commit but untracked files present (use "git add" to track)
]0;~/Documents/GitHub/MAUI/datapeltier:data garrettjaeger$ git add -A
]0;~/Documents/GitHub/MAUI/datapeltier:data garrettjaeger$ git status
On branch master
Your branch is ahead of 'origin/master' by 1 commit.
  (use "git push" to publish your local commits)

Changes to be committed:
  (use "git reset HEAD <file>..." to unstage)

	[32mnew file:   ../.Rproj.user/CFFF035/build_options[m
	[32mnew file:   ../.Rproj.user/CFFF035/console06/906B45FC[m
	[32mnew file:   ../.Rproj.user/CFFF035/console06/906B45FC.env[m
	[32mnew file:   ../.Rproj.user/CFFF035/console06/INDEX001[m
	[32mnew file:   ../MAUI.Rproj[m

Changes not staged for commit:
  (use "git add <file>..." to update what will be committed)
  (use "git checkout -- <file>..." to discard changes in working directory)

	[31mmodified:   ../.Rproj.user/CFFF035/console06/906B45FC[m

]0;~/Documents/GitHub/MAUI/datapeltier:data garrettjaeger$ git push origin master
Enumerating objects: 5, done.
Counting objects:  20% (1/5)   Counting objects:  40% (2/5)   Counting objects:  60% (3/5)   Counting objects:  80% (4/5)   Counting objects: 100% (5/5)   Counting objects: 100% (5/5), done.
Delta compression using up to 4 threads
Compressing objects:  50% (1/2)   Compressing objects: 100% (2/2)   Compressing objects: 100% (2/2), done.
Writing objects:  25% (1/4)   Writing objects:  50% (2/4)   Writing objects:  75% (3/4)   Writing objects: 100% (4/4)   Writing objects: 100% (4/4), 358 bytes | 179.00 KiB/s, done.
Total 4 (delta 0), reused 0 (delta 0)
git status
To https://github.com/ghandoff/MAUI.git
   4af751e..81e02cb  master -> master
]0;~/Documents/GitHub/MAUI/datapeltier:data garrettjaeger$ git status
On branch master
Your branch is up to date with 'origin/master'.

Changes to be committed:
  (use "git reset HEAD <file>..." to unstage)

	[32mnew file:   ../.Rproj.user/CFFF035/build_options[m
	[32mnew file:   ../.Rproj.user/CFFF035/console06/906B45FC[m
	[32mnew file:   ../.Rproj.user/CFFF035/console06/906B45FC.env[m
	[32mnew file:   ../.Rproj.user/CFFF035/console06/INDEX001[m
	[32mnew file:   ../MAUI.Rproj[m

Changes not staged for commit:
  (use "git add <file>..." to update what will be committed)
  (use "git checkout -- <file>..." to discard changes in working directory)

	[31mmodified:   ../.Rproj.user/CFFF035/console06/906B45FC[m

]0;~/Documents/GitHub/MAUI/datapeltier:data garrettjaeger$ git status
On branch master
Your branch is up to date with 'origin/master'.

Changes to be committed:
  (use "git reset HEAD <file>..." to unstage)

	[32mnew file:   ../.Rproj.user/CFFF035/build_options[m
	[32mnew file:   ../.Rproj.user/CFFF035/console06/906B45FC[m
	[32mnew file:   ../.Rproj.user/CFFF035/console06/906B45FC.env[m
	[32mnew file:   ../.Rproj.user/CFFF035/console06/INDEX001[m
	[32mnew file:   ../MAUI.Rproj[m

Changes not staged for commit:
  (use "git add <file>..." to update what will be committed)
  (use "git checkout -- <file>..." to discard changes in working directory)

	[31mmodified:   ../.Rproj.user/CFFF035/console06/906B45FC[m

git ls
git: 'ls' is not a git command. See 'git --help'.

The most similar commands are
	lg
	ll
]0;~/Documents/GitHub/MAUI/datapeltier:data garrettjaeger$ git add -A
]0;~/Documents/GitHub/MAUI/datapeltier:data garrettjaeger$ cd ..
]0;~/Documents/GitHub/MAUIpeltier:MAUI garrettjaeger$ git add -A
]0;~/Documents/GitHub/MAUIpeltier:MAUI garrettjaeger$ git commit -a